// Jest Snapshot v1, https://goo.gl/fbAQLP

exports[`Snapshot Home 1`] = `<home />`;
